ARM GAS  C:\Users\Dmitriy\AppData\Local\Temp\ccO0BBux.s 			page 1


   1              		.cpu cortex-m3
   2              		.arch armv7-m
   3              		.fpu softvfp
   4              		.eabi_attribute 20, 1
   5              		.eabi_attribute 21, 1
   6              		.eabi_attribute 23, 3
   7              		.eabi_attribute 24, 1
   8              		.eabi_attribute 25, 1
   9              		.eabi_attribute 26, 1
  10              		.eabi_attribute 30, 1
  11              		.eabi_attribute 34, 1
  12              		.eabi_attribute 18, 4
  13              		.file	"init.c"
  14              		.text
  15              	.Ltext0:
  16              		.cfi_sections	.debug_frame
  17              		.file 1 "Core/Src/init.c"
  18              		.section	.text.Init_RCC,"ax",%progbits
  19              		.align	1
  20              		.global	Init_RCC
  21              		.syntax unified
  22              		.thumb
  23              		.thumb_func
  25              	Init_RCC:
  26              	.LFB0:
   1:Core/Src/init.c **** #include "init.h"
   2:Core/Src/init.c **** 
   3:Core/Src/init.c **** void Init_RCC(void) {
  27              		.loc 1 3 21 view -0
  28              		.cfi_startproc
  29              		@ args = 0, pretend = 0, frame = 0
  30              		@ frame_needed = 0, uses_anonymous_args = 0
  31              		@ link register save eliminated.
   4:Core/Src/init.c ****     // Включение тактирования GPIOA и GPIOC через RCC
   5:Core/Src/init.c ****     RCC->APB2ENR |= (1 << 2) | (1 << 4);
  32              		.loc 1 5 5 view .LVU1
  33              		.loc 1 5 8 is_stmt 0 view .LVU2
  34 0000 024A     		ldr	r2, .L2
  35 0002 9369     		ldr	r3, [r2, #24]
  36              		.loc 1 5 18 view .LVU3
  37 0004 43F01403 		orr	r3, r3, #20
  38 0008 9361     		str	r3, [r2, #24]
   6:Core/Src/init.c **** }
  39              		.loc 1 6 1 view .LVU4
  40 000a 7047     		bx	lr
  41              	.L3:
  42              		.align	2
  43              	.L2:
  44 000c 00100240 		.word	1073876992
  45              		.cfi_endproc
  46              	.LFE0:
  48              		.section	.text.Init_GPIO,"ax",%progbits
  49              		.align	1
  50              		.global	Init_GPIO
  51              		.syntax unified
  52              		.thumb
  53              		.thumb_func
ARM GAS  C:\Users\Dmitriy\AppData\Local\Temp\ccO0BBux.s 			page 2


  55              	Init_GPIO:
  56              	.LFB1:
   7:Core/Src/init.c **** 
   8:Core/Src/init.c **** void Init_GPIO(void) {
  57              		.loc 1 8 22 is_stmt 1 view -0
  58              		.cfi_startproc
  59              		@ args = 0, pretend = 0, frame = 0
  60              		@ frame_needed = 0, uses_anonymous_args = 0
  61              		@ link register save eliminated.
   9:Core/Src/init.c ****     // PA5-PA7 как выходы push-pull (светодиоды 2,3,4)
  10:Core/Src/init.c ****     // PA5: Output push-pull 50MHz  
  11:Core/Src/init.c ****     GPIOA->CRL = (GPIOA->CRL & ~(0xF << 20)) | (0x3 << 20);
  62              		.loc 1 11 5 view .LVU6
  63              		.loc 1 11 24 is_stmt 0 view .LVU7
  64 0000 144B     		ldr	r3, .L5
  65 0002 1A68     		ldr	r2, [r3]
  66              		.loc 1 11 30 view .LVU8
  67 0004 22F47002 		bic	r2, r2, #15728640
  68              		.loc 1 11 46 view .LVU9
  69 0008 42F44012 		orr	r2, r2, #3145728
  70              		.loc 1 11 16 view .LVU10
  71 000c 1A60     		str	r2, [r3]
  12:Core/Src/init.c ****     // PA6: Output push-pull 50MHz
  13:Core/Src/init.c ****     GPIOA->CRL = (GPIOA->CRL & ~(0xF << 24)) | (0x3 << 24);
  72              		.loc 1 13 5 is_stmt 1 view .LVU11
  73              		.loc 1 13 24 is_stmt 0 view .LVU12
  74 000e 1A68     		ldr	r2, [r3]
  75              		.loc 1 13 30 view .LVU13
  76 0010 22F07062 		bic	r2, r2, #251658240
  77              		.loc 1 13 46 view .LVU14
  78 0014 42F04072 		orr	r2, r2, #50331648
  79              		.loc 1 13 16 view .LVU15
  80 0018 1A60     		str	r2, [r3]
  14:Core/Src/init.c ****     // PA7: Output push-pull 50MHz
  15:Core/Src/init.c ****     GPIOA->CRL = (GPIOA->CRL & ~(0xF << 28)) | (0x3 << 28);
  81              		.loc 1 15 5 is_stmt 1 view .LVU16
  82              		.loc 1 15 24 is_stmt 0 view .LVU17
  83 001a 1A68     		ldr	r2, [r3]
  84              		.loc 1 15 30 view .LVU18
  85 001c 22F07042 		bic	r2, r2, #-268435456
  86              		.loc 1 15 46 view .LVU19
  87 0020 42F04052 		orr	r2, r2, #805306368
  88              		.loc 1 15 16 view .LVU20
  89 0024 1A60     		str	r2, [r3]
  16:Core/Src/init.c ****     
  17:Core/Src/init.c ****     // PC13 как вход с подтяжкой (кнопка 2)
  18:Core/Src/init.c ****     GPIOC->CRH = (GPIOC->CRH & ~(0xF << 20)) | (0x8 << 20);
  90              		.loc 1 18 5 is_stmt 1 view .LVU21
  91              		.loc 1 18 24 is_stmt 0 view .LVU22
  92 0026 03F50063 		add	r3, r3, #2048
  93 002a 5A68     		ldr	r2, [r3, #4]
  94              		.loc 1 18 30 view .LVU23
  95 002c 22F47002 		bic	r2, r2, #15728640
  96              		.loc 1 18 46 view .LVU24
  97 0030 42F40002 		orr	r2, r2, #8388608
  98              		.loc 1 18 16 view .LVU25
  99 0034 5A60     		str	r2, [r3, #4]
ARM GAS  C:\Users\Dmitriy\AppData\Local\Temp\ccO0BBux.s 			page 3


  19:Core/Src/init.c ****     GPIOC->ODR |= (1 << 13);
 100              		.loc 1 19 5 is_stmt 1 view .LVU26
 101              		.loc 1 19 10 is_stmt 0 view .LVU27
 102 0036 DA68     		ldr	r2, [r3, #12]
 103              		.loc 1 19 16 view .LVU28
 104 0038 42F40052 		orr	r2, r2, #8192
 105 003c DA60     		str	r2, [r3, #12]
  20:Core/Src/init.c ****     
  21:Core/Src/init.c ****     // PC14 как вход с подтяжкой (изначально режим кнопки)
  22:Core/Src/init.c ****     GPIOC->CRH = (GPIOC->CRH & ~(0xF << 24)) | (0x8 << 24);
 106              		.loc 1 22 5 is_stmt 1 view .LVU29
 107              		.loc 1 22 24 is_stmt 0 view .LVU30
 108 003e 5A68     		ldr	r2, [r3, #4]
 109              		.loc 1 22 30 view .LVU31
 110 0040 22F07062 		bic	r2, r2, #251658240
 111              		.loc 1 22 46 view .LVU32
 112 0044 42F00062 		orr	r2, r2, #134217728
 113              		.loc 1 22 16 view .LVU33
 114 0048 5A60     		str	r2, [r3, #4]
  23:Core/Src/init.c ****     GPIOC->ODR |= (1 << 14);
 115              		.loc 1 23 5 is_stmt 1 view .LVU34
 116              		.loc 1 23 10 is_stmt 0 view .LVU35
 117 004a DA68     		ldr	r2, [r3, #12]
 118              		.loc 1 23 16 view .LVU36
 119 004c 42F48042 		orr	r2, r2, #16384
 120 0050 DA60     		str	r2, [r3, #12]
  24:Core/Src/init.c **** }...
 121              		.loc 1 24 1 view .LVU37
 122 0052 7047     		bx	lr
 123              	.L6:
 124              		.align	2
 125              	.L5:
 126 0054 00080140 		.word	1073809408
 127              		.cfi_endproc
 128              	.LFE1:
 130              		.text
 131              	.Letext0:
 132              		.file 2 "D:/Programs/Education/STM32/Tools/Xpack/arm-none-eabi/include/machine/_default_types.h"
 133              		.file 3 "D:/Programs/Education/STM32/Tools/Xpack/arm-none-eabi/include/sys/_stdint.h"
 134              		.file 4 "Core/Inc/init.h"
ARM GAS  C:\Users\Dmitriy\AppData\Local\Temp\ccO0BBux.s 			page 4


DEFINED SYMBOLS
                            *ABS*:00000000 init.c
C:\Users\Dmitriy\AppData\Local\Temp\ccO0BBux.s:19     .text.Init_RCC:00000000 $t
C:\Users\Dmitriy\AppData\Local\Temp\ccO0BBux.s:25     .text.Init_RCC:00000000 Init_RCC
C:\Users\Dmitriy\AppData\Local\Temp\ccO0BBux.s:44     .text.Init_RCC:0000000c $d
C:\Users\Dmitriy\AppData\Local\Temp\ccO0BBux.s:49     .text.Init_GPIO:00000000 $t
C:\Users\Dmitriy\AppData\Local\Temp\ccO0BBux.s:55     .text.Init_GPIO:00000000 Init_GPIO
C:\Users\Dmitriy\AppData\Local\Temp\ccO0BBux.s:126    .text.Init_GPIO:00000054 $d

NO UNDEFINED SYMBOLS
