ARM GAS  C:\Users\Dmitriy\AppData\Local\Temp\ccqK1vp5.s 			page 1


   1              		.cpu cortex-m3
   2              		.arch armv7-m
   3              		.fpu softvfp
   4              		.eabi_attribute 20, 1
   5              		.eabi_attribute 21, 1
   6              		.eabi_attribute 23, 3
   7              		.eabi_attribute 24, 1
   8              		.eabi_attribute 25, 1
   9              		.eabi_attribute 26, 1
  10              		.eabi_attribute 30, 1
  11              		.eabi_attribute 34, 1
  12              		.eabi_attribute 18, 4
  13              		.file	"init.c"
  14              		.text
  15              	.Ltext0:
  16              		.cfi_sections	.debug_frame
  17              		.file 1 "Core/Src/init.c"
  18              		.section	.text.GPIO_Init,"ax",%progbits
  19              		.align	1
  20              		.global	GPIO_Init
  21              		.syntax unified
  22              		.thumb
  23              		.thumb_func
  25              	GPIO_Init:
  26              	.LFB65:
   1:Core/Src/init.c **** #include "init.h"
   2:Core/Src/init.c **** 
   3:Core/Src/init.c **** void GPIO_Init(void) {
  27              		.loc 1 3 22 view -0
  28              		.cfi_startproc
  29              		@ args = 0, pretend = 0, frame = 0
  30              		@ frame_needed = 0, uses_anonymous_args = 0
  31              		@ link register save eliminated.
   4:Core/Src/init.c ****     // ВСЁ В ОДНУ СТРОКУ - никаких сложных вычислений
   5:Core/Src/init.c ****     RCC->APB2ENR |= (1 << 2);                    // Тактирование
  32              		.loc 1 5 5 view .LVU1
  33              		.loc 1 5 8 is_stmt 0 view .LVU2
  34 0000 074A     		ldr	r2, .L2
  35 0002 9369     		ldr	r3, [r2, #24]
  36              		.loc 1 5 18 view .LVU3
  37 0004 43F00403 		orr	r3, r3, #4
  38 0008 9361     		str	r3, [r2, #24]
   6:Core/Src/init.c ****     GPIOA->CRL = 0x11114444;                     // PA0,PA1=input; PA4-PA7=output
  39              		.loc 1 6 5 is_stmt 1 view .LVU4
  40              		.loc 1 6 16 is_stmt 0 view .LVU5
  41 000a 064B     		ldr	r3, .L2+4
  42 000c 064A     		ldr	r2, .L2+8
  43 000e 1A60     		str	r2, [r3]
   7:Core/Src/init.c ****     GPIOA->ODR |= 0x0003;                        // Подтяжка PA0,PA1 к питанию
  44              		.loc 1 7 5 is_stmt 1 view .LVU6
  45              		.loc 1 7 10 is_stmt 0 view .LVU7
  46 0010 DA68     		ldr	r2, [r3, #12]
  47              		.loc 1 7 16 view .LVU8
  48 0012 42F00302 		orr	r2, r2, #3
  49 0016 DA60     		str	r2, [r3, #12]
   8:Core/Src/init.c ****     GPIOA->BSRR = 0x00F00000;                    // Выключить PA4-PA7
  50              		.loc 1 8 5 is_stmt 1 view .LVU9
ARM GAS  C:\Users\Dmitriy\AppData\Local\Temp\ccqK1vp5.s 			page 2


  51              		.loc 1 8 17 is_stmt 0 view .LVU10
  52 0018 4FF47002 		mov	r2, #15728640
  53 001c 1A61     		str	r2, [r3, #16]
   9:Core/Src/init.c **** }...
  54              		.loc 1 9 1 view .LVU11
  55 001e 7047     		bx	lr
  56              	.L3:
  57              		.align	2
  58              	.L2:
  59 0020 00100240 		.word	1073876992
  60 0024 00080140 		.word	1073809408
  61 0028 44441111 		.word	286344260
  62              		.cfi_endproc
  63              	.LFE65:
  65              		.text
  66              	.Letext0:
  67              		.file 2 "D:/Programs/Education/STM32/Tools/Xpack/arm-none-eabi/include/machine/_default_types.h"
  68              		.file 3 "D:/Programs/Education/STM32/Tools/Xpack/arm-none-eabi/include/sys/_stdint.h"
  69              		.file 4 "CMSIS/Devices/STM32F1xx/Inc/STM32f103xB/stm32f103xb.h"
ARM GAS  C:\Users\Dmitriy\AppData\Local\Temp\ccqK1vp5.s 			page 3


DEFINED SYMBOLS
                            *ABS*:00000000 init.c
C:\Users\Dmitriy\AppData\Local\Temp\ccqK1vp5.s:19     .text.GPIO_Init:00000000 $t
C:\Users\Dmitriy\AppData\Local\Temp\ccqK1vp5.s:25     .text.GPIO_Init:00000000 GPIO_Init
C:\Users\Dmitriy\AppData\Local\Temp\ccqK1vp5.s:59     .text.GPIO_Init:00000020 $d

NO UNDEFINED SYMBOLS
